<?xml version="1.0"?>
<testsuite name="Cucumber" time="20.462" tests="3" skipped="0" failures="0" errors="0" timestamp="2026-02-05T17:57:58.455Z">
  <testcase classname="Dynamic Loading" name="Dynamic Loading - loads, asserts, and exercises behavior" time="12.749">
    <system-out><![CDATA[Given I am on the home page.................................................passed
When I open the "Dynamic Loading" example...................................passed
Then the Dynamic Loading page should load...................................passed
And I exercise the Dynamic Loading page.....................................passed]]></system-out>
  </testcase>
  <testcase classname="Dynamic Loading" name="Dynamic Loading - Example 2 shows loader then content" time="6.546">
    <system-out><![CDATA[Given I open the Dynamic Loading page.......................................passed
Then Dynamic Loading Example 2 should show the loader then content..........passed]]></system-out>
  </testcase>
  <testcase classname="Dynamic Loading" name="Dynamic Loading - Footer shows Elemental Selenium attribution and link" time="0.451">
    <system-out><![CDATA[Given I open the Dynamic Loading page.......................................passed
Then the global footer should be valid......................................passed]]></system-out>
  </testcase>
</testsuite>